# training start  device=cuda  img_size=256  batch=16
# metric=val_macro_f1  patience=12
[P1] Ep   1/10  lr 1.00e-03  loss 1.0253/1.0768  acc 0.342/0.357  F1 0.349  21.6s  ★
[P1] Ep   2/10  lr 9.78e-04  loss 0.9529/1.0238  acc 0.422/0.536  F1 0.529  2.4s  ★
[P1] Ep   3/10  lr 9.14e-04  loss 0.9028/0.9979  acc 0.483/0.518  F1 0.506  2.4s
[P1] Ep   4/10  lr 8.15e-04  loss 0.9380/0.9499  acc 0.511/0.643  F1 0.637  2.3s  ★
[P1] Ep   5/10  lr 6.89e-04  loss 0.9014/0.9362  acc 0.483/0.625  F1 0.614  2.4s
[P1] Ep   6/10  lr 5.50e-04  loss 0.8568/0.9387  acc 0.572/0.661  F1 0.652  2.3s  ★
[P1] Ep   7/10  lr 4.11e-04  loss 0.8504/0.9324  acc 0.529/0.589  F1 0.581  2.5s
[P1] Ep   8/10  lr 2.85e-04  loss 0.8621/0.9274  acc 0.542/0.625  F1 0.620  2.4s
[P1] Ep   9/10  lr 1.86e-04  loss 0.8579/0.9128  acc 0.563/0.661  F1 0.652  2.4s
[P1] Ep  10/10  lr 1.22e-04  loss 0.8153/0.9322  acc 0.588/0.589  F1 0.585  2.3s
[P2] Ep  11/50  lr 5.00e-05  loss 0.9848/0.9942  acc 0.431/0.571  F1 0.559  7.3s
[P2] Ep  12/50  lr 4.99e-05  loss 0.9984/1.1065  acc 0.431/0.393  F1 0.382  3.7s
[P2] Ep  13/50  lr 4.97e-05  loss 0.8112/1.1165  acc 0.557/0.482  F1 0.448  3.7s
[P2] Ep  14/50  lr 4.93e-05  loss 0.7542/0.8127  acc 0.637/0.589  F1 0.590  3.7s
[P2] Ep  15/50  lr 4.88e-05  loss 0.6017/0.8779  acc 0.742/0.696  F1 0.698  3.8s  ★
[P2] Ep  16/50  lr 4.82e-05  loss 0.6783/1.0159  acc 0.708/0.607  F1 0.608  3.7s
[P2] Ep  17/50  lr 4.74e-05  loss 0.6590/0.8201  acc 0.803/0.768  F1 0.751  3.5s  ★
[P2] Ep  18/50  lr 4.65e-05  loss 0.5971/0.7920  acc 0.812/0.732  F1 0.699  3.5s
[P2] Ep  19/50  lr 4.55e-05  loss 0.5633/0.9068  acc 0.837/0.679  F1 0.672  3.5s
[P2] Ep  20/50  lr 4.43e-05  loss 0.5725/0.9171  acc 0.809/0.661  F1 0.659  3.5s
[P2] Ep  21/50  lr 4.30e-05  loss 0.5699/0.7834  acc 0.809/0.732  F1 0.719  3.5s
[P2] Ep  22/50  lr 4.17e-05  loss 0.4887/0.9080  acc 0.871/0.732  F1 0.707  3.6s
[P2] Ep  23/50  lr 4.02e-05  loss 0.5446/0.8287  acc 0.852/0.732  F1 0.699  4.2s
[P2] Ep  24/50  lr 3.87e-05  loss 0.4419/0.7660  acc 0.905/0.732  F1 0.711  8.8s
[P2] Ep  25/50  lr 3.70e-05  loss 0.3957/0.7457  acc 0.923/0.821  F1 0.782  5.2s  ★
[P2] Ep  26/50  lr 3.53e-05  loss 0.4569/0.7104  acc 0.892/0.768  F1 0.742  5.4s
[P2] Ep  27/50  lr 3.36e-05  loss nan/0.7401  acc 0.889/0.839  F1 0.818  4.8s  ★
[P2] Ep  28/50  lr 3.18e-05  loss 0.4113/0.7352  acc 0.911/0.821  F1 0.797  5.0s
[P2] Ep  29/50  lr 3.00e-05  loss 0.4001/0.7528  acc 0.942/0.821  F1 0.800  5.2s
[P2] Ep  30/50  lr 2.81e-05  loss 0.4447/0.7313  acc 0.902/0.821  F1 0.792  5.0s
[P2] Ep  31/50  lr 2.63e-05  loss 0.3613/0.7594  acc 0.938/0.786  F1 0.747  4.8s
[P2] Ep  32/50  lr 2.44e-05  loss 0.3894/0.7793  acc 0.935/0.839  F1 0.808  4.8s
[P2] Ep  33/50  lr 2.25e-05  loss 0.3408/0.8918  acc 0.957/0.804  F1 0.773  5.0s
[P2] Ep  34/50  lr 2.07e-05  loss 0.3679/0.8610  acc 0.935/0.768  F1 0.741  5.0s
[P2] Ep  35/50  lr 1.89e-05  loss 0.3603/0.8878  acc 0.954/0.786  F1 0.756  5.0s
[P2] Ep  36/50  lr 1.72e-05  loss 0.3646/0.8431  acc 0.954/0.786  F1 0.757  4.8s
[P2] Ep  37/50  lr 1.55e-05  loss 0.3471/0.8332  acc 0.963/0.821  F1 0.792  4.9s
[P2] Ep  38/50  lr 1.38e-05  loss 0.3095/0.8408  acc 0.991/0.786  F1 0.748  5.0s
[P2] Ep  39/50  lr 1.23e-05  loss 0.3909/0.8204  acc 0.945/0.821  F1 0.789  4.9s
# finalize  best_macro_f1=0.817711  best_val_acc=0.839286
